DATE: 2026-05-19
TIME: 22-06-46
ENV_ID: Planar-PushT-v1
SLURM Job ID:         875452
SLURM Node:           inspector-gadget.drl
CUDA_VISIBLE_DEVICES: 0
SLURM_SUBMIT_DIR:     /data/locomotion/michzeng/ManiSkill
Loaded secrets from /data/locomotion/michzeng/ManiSkill/.secrets
Changing directory to /data/locomotion/michzeng/ManiSkill
CUDA_VISIBLE_DEVICES after conda activate: 0
==========================================
ENV_ID:            Planar-PushT-v1
NUM_ENVS:          4096
NUM_STEPS:         16
UPDATE_EPOCHS:     8
NUM_MINIBATCHES:   32
GAMMA:             0.99
TOTAL_TIMESTEPS:   1_000_000_000
NUM_EVAL_STEPS:    400
NUM_EVAL_ENVS:     16
CONTROL_MODE:      pd_ee_delta_pose
ENT_COEF:          0.01
==========================================
Saving eval trajectories/videos to runs/Planar-PushT-v1__ppo_fast__1__1779242876/videos
Running training
